
> expense-manager@0.1.0 build
> prisma generate && next build

node.exe : Loaded Prisma 
config from 
prisma.config.ts.
At line:1 char:1
+ & "C:\Program 
Files\nodejs/node.exe" 
"C:\Program 
Files\nodejs/node_mo ...
+ ~~~~~~~~~~~~~~~~~~~~~~~~~
~~~~~~~~~~~~~~~~~~~~~~~~~~~
~~~~~~~~~~~~~~~~~
    + CategoryInfo         
     : NotSpecified: 
(Loaded     Prisma 
c...isma.config.t    
s.:String) [], RemoteExc   
 eption
    + 
FullyQualifiedErrorId     
: NativeCommandError
 

Prisma schema loaded from 
prisma\schema.prisma.

Γ£ö Generated Prisma Client (v7.2.0) to .\node_modules\@prisma\client in 104ms

Start by importing your Prisma Client (See: https://pris.ly/d/importing-client)

Tip: Need your database queries to be 1000x faster? Accelerate offers you that and more: https://pris.ly/tip-2-accelerate

 ΓÜá `eslint` 
configuration in 
next.config.ts is no 
longer supported. See more 
info here: https://nextjs.o
rg/docs/app/api-reference/c
li/next#next-lint-options
 ΓÜá Invalid 
next.config.ts options 
detected: 
 ΓÜá     Unrecognized 
key(s) in object: 'eslint'
 ΓÜá See more info here: ht
tps://nextjs.org/docs/messa
ges/invalid-next-config
   Γû▓ Next.js 16.0.10 (Turbopack)
   - Environments: .env

   Creating an optimized production build ...
Error: Cannot apply 
unknown utility class `focu
s:shadow-[0_0_10px_rgba(168
,`
    [2m[at 
onInvalidCandidate 
(D:\PROJECT SEM 6\Expense_m
anager\node_modules\tailwin
dcss\dist\lib.js:21:1511)]
[0m
    [2m[at Te (D:\PROJECT 
SEM 6\Expense_manager\node_
modules\tailwindcss\dist\li
b.js:16:36326)][0m
    [2m[at D:\PROJECT SEM 
6\Expense_manager\node_modu
les\tailwindcss\dist\lib.js
:21:355][0m
    [2m[at Rr (D:\PROJECT 
SEM 6\Expense_manager\node_
modules\tailwindcss\dist\li
b.js:3:1718)][0m
    [2m[at _ (D:\PROJECT 
SEM 6\Expense_manager\node_
modules\tailwindcss\dist\li
b.js:3:1377)][0m
    [2m[at $e (D:\PROJECT 
SEM 6\Expense_manager\node_
modules\tailwindcss\dist\li
b.js:21:172)][0m
    [2m[at un (D:\PROJECT 
SEM 6\Expense_manager\node_
modules\tailwindcss\dist\li
b.js:38:294)][0m
    [2m[at async cn 
(D:\PROJECT SEM 6\Expense_m
anager\node_modules\tailwin
dcss\dist\lib.js:38:631)][
0m
    [2m[at async Xr 
(D:\PROJECT SEM 6\Expense_m
anager\node_modules\@tailwi
ndcss\node\dist\index.js:10
:3417)][0m
    [2m[at async I 
(D:\PROJECT SEM 6\Expense_m
anager\node_modules\@tailwi
ndcss\postcss\dist\index.js
:10:3977)][0m

> Build error occurred
Error: Turbopack build 
failed with 1 errors:
./src/app/globals.css
Error evaluating Node.js 
code
CssSyntaxError: 
tailwindcss: D:\PROJECT 
SEM 6\Expense_manager\src\a
pp\globals.css:1:1: Cannot 
apply unknown utility 
class `focus:shadow-[0_0_10
px_rgba(168,`
    at Input.error (node_mo
dules/postcss/lib/input.js:
135:16) [D:\PROJECT SEM 6\E
xpense_manager\.next\build\
chunks\node_modules_fe693df
6._.js:4651:22]
    at Root.error (node_mod
ules/postcss/lib/node.js:14
6:32) [D:\PROJECT SEM 6\Exp
ense_manager\.next\build\ch
unks\node_modules_fe693df6.
_.js:928:38]
    [at Object.Once 
(D:\PROJECT SEM 6\Expense_m
anager\node_modules\@tailwi
ndcss\postcss\dist\index.js
:10:6911)]
    at async 
LazyResult.runAsync (node_m
odules/postcss/lib/lazy-res
ult.js:293:11) [D:\PROJECT 
SEM 6\Expense_manager\.next
\build\chunks\node_modules_
fe693df6._.js:6206:21]
    at async transform (tur
bopack:///[turbopack-node]/
transforms/postcss.ts:70:34
) [D:\PROJECT SEM 6\Expense
_manager\.next\build\chunks
\[root-of-the-server]__5122
5daf._.js:146:36]
    at async run (turbopack
:///[turbopack-node]/ipc/ev
aluate.ts:92:23) 
[D:\PROJECT SEM 6\Expense_m
anager\.next\build\chunks\[
root-of-the-server]__974941
ed._.js:443:31]

Import trace:
  Client Component Browser:
    ./src/app/globals.css 
[Client Component Browser]
    ./src/app/layout.tsx 
[Server Component]


    at async transform (tur
bopack:///[turbopack-node]/
transforms/postcss.ts:70:34
) [D:\PROJECT SEM 6\Expense
_manager\.next\build\chunks
\[root-of-the-server]__5122
5daf._.js:146:36])
    at async run (turbopack
:///[turbopack-node]/ipc/ev
aluate.ts:92:23) 
[D:\PROJECT SEM 6\Expense_m
anager\.next\build\chunks\[
root-of-the-server]__974941
ed._.js:443:31])
